// Jest Snapshot v1, https://goo.gl/fbAQLP

exports[`Controls component renders Controls 1`] = `
<section
  className="Controls"
>
  <button
    key="function drinkCoffee() {
  return {
    type: DRINK_COFFEE
  };
}"
    onClick={[Function]}
  >
    Drink Coffee 
  </button>
  <button
    key="function eatSnack() {
  return {
    type: EAT_SNACK
  };
}"
    onClick={[Function]}
  >
    Eat Snack
  </button>
  <button
    key="function takeNap() {
  return {
    type: TAKE_NAP
  };
}"
    onClick={[Function]}
  >
    Take Nap
  </button>
  <button
    key="function study() {
  return {
    type: STUDY
  };
}"
    onClick={[Function]}
  >
    Study
  </button>
  <button
    key="function reset() {
  return {
    type: RESET
  };
}"
    onClick={[Function]}
  >
    Reset
  </button>
  <button
    key="function saveGame(saved) {
  return {
    type: SAVE_GAME,
    payload: saved
  };
}"
    onClick={[Function]}
  >
    Save Game
  </button>
</section>
`;
