// Jest Snapshot v1, https://goo.gl/fbAQLP

exports[`Controls component renders Controls 1`] = `
<section
  className="Controls"
>
  <button
    key="DRINK_COFFEE"
    onClick={[Function]}
  >
    Drink Coffee
     
  </button>
  <button
    key="EAT_SNACK"
    onClick={[Function]}
  >
    Snack
     
  </button>
  <button
    key="TAKE_NAP"
    onClick={[Function]}
  >
    Nap
     
  </button>
  <button
    key="STUDY"
    onClick={[Function]}
  >
    Study
     
  </button>
</section>
`;
